// Jest Snapshot v1, https://goo.gl/fbAQLP

exports[`Navigation menu component should match DOM Snapshot 1`] = `
<header
  className="header"
>
  <h1>
    Math Magicians
  </h1>
  <nav>
    <ul
      className="List"
    >
      <li>
        <a
          aria-current="page"
          className="active"
          href="/"
          onClick={[Function]}
        >
          Home |
        </a>
      </li>
      <li>
        <a
          href="/MathCalculator"
          onClick={[Function]}
        >
          Calculator |
        </a>
      </li>
      <li>
        <a
          href="/Quote"
          onClick={[Function]}
        >
          Quote
        </a>
      </li>
    </ul>
  </nav>
</header>
`;
