// Jest Snapshot v1, https://goo.gl/fbAQLP

exports[`Quote component should matche DOM Snapshot 1`] = `
<div>
  Loading...
</div>
`;
